Java HotSpot(TM) 64-Bit Server VM (25.171-b11) for linux-amd64 JRE (1.8.0_171-b11), built on Mar 28 2018 17:07:08 by "java_re" with gcc 4.3.0 20080428 (Red Hat 4.3.0-8)
Memory: 4k page, physical 4047180k(1039480k free), swap 0k(0k free)
CommandLine flags: -XX:InitialHeapSize=64754880 -XX:MaxHeapSize=1073741824 -XX:+PrintGC -XX:+PrintGCTimeStamps -XX:+UseCompressedClassPointers -XX:+UseCompressedOops -XX:+UseParallelGC 
0.683: [GC (Allocation Failure)  15872K->1720K(60928K), 0.0046783 secs]
1.088: [GC (Allocation Failure)  17592K->2096K(60928K), 0.0041240 secs]
1.315: [GC (Allocation Failure)  17968K->2344K(60928K), 0.0052684 secs]
1.455: [GC (Allocation Failure)  18216K->2616K(76800K), 0.0057649 secs]
1.671: [GC (Allocation Failure)  34360K->3232K(76800K), 0.0063440 secs]
1.866: [GC (Allocation Failure)  34976K->3896K(109056K), 0.0062486 secs]
2.261: [GC (Allocation Failure)  66872K->4947K(109568K), 0.0130880 secs]
2.478: [GC (Metadata GC Threshold)  44061K->5494K(172544K), 0.0057840 secs]
2.484: [Full GC (Metadata GC Threshold)  5494K->5195K(159232K), 0.0419470 secs]
3.657: [GC (Allocation Failure)  131147K->9571K(159232K), 0.0131192 secs]
4.993: [GC (Allocation Failure)  135523K->16688K(200192K), 0.0180540 secs]
7.882: [GC (Allocation Failure)  183088K->30196K(203264K), 0.0277693 secs]
11.175: [GC (Allocation Failure)  196180K->52725K(267264K), 0.0240615 secs]
11.200: [Full GC (Ergonomics)  52725K->43585K(314368K), 0.1879388 secs]
13.882: [GC (Allocation Failure)  257077K->83075K(316416K), 0.0292969 secs]
13.912: [Full GC (Ergonomics)  83075K->57724K(355328K), 0.0793211 secs]
15.829: [GC (Allocation Failure)  270962K->109541K(405504K), 0.0241126 secs]
17.909: [GC (Allocation Failure)  371165K->156111K(419328K), 0.0381143 secs]
17.947: [Full GC (Ergonomics)  156111K->78224K(467968K), 0.0703740 secs]
19.713: [GC (Allocation Failure)  340810K->149971K(506368K), 0.0256364 secs]
21.561: [GC (Allocation Failure)  447470K->201684K(509952K), 0.0367954 secs]
21.598: [Full GC (Ergonomics)  201684K->89127K(556032K), 0.0834420 secs]
23.211: [GC (Allocation Failure)  386923K->162409K(541696K), 0.0214453 secs]
24.672: [GC (Allocation Failure)  446023K->211050K(548864K), 0.0207582 secs]
24.693: [Full GC (Ergonomics)  211050K->89652K(579072K), 0.0842003 secs]
26.078: [GC (Allocation Failure)  372895K->162935K(559616K), 0.0198519 secs]
27.226: [GC (Allocation Failure)  426767K->203896K(569344K), 0.0220219 secs]
28.309: [GC (Allocation Failure)  467636K->235649K(544768K), 0.0249972 secs]
29.243: [GC (Allocation Failure)  475118K->267394K(557056K), 0.0267250 secs]
29.270: [Full GC (Ergonomics)  267394K->89673K(567808K), 0.0884780 secs]
30.211: [GC (Allocation Failure)  329062K->162443K(536064K), 0.0205246 secs]
31.009: [GC (Allocation Failure)  370176K->180844K(551936K), 0.0202084 secs]
31.806: [GC (Allocation Failure)  388250K->183916K(510976K), 0.0216858 secs]
32.416: [GC (Allocation Failure)  350669K->186988K(514048K), 0.0210438 secs]
32.958: [GC (Allocation Failure)  353745K->187020K(510464K), 0.0214717 secs]
33.408: [GC (Allocation Failure)  323924K->187020K(484352K), 0.0209920 secs]
33.863: [GC (Allocation Failure)  323926K->187532K(503296K), 0.0208058 secs]
34.236: [GC (Allocation Failure)  306161K->187532K(466432K), 0.0203171 secs]
34.632: [GC (Allocation Failure)  306198K->187028K(506368K), 0.0198982 secs]
34.974: [GC (Allocation Failure)  303651K->187044K(506368K), 0.0210494 secs]
35.321: [GC (Allocation Failure)  303537K->187020K(506368K), 0.0203768 secs]
35.723: [GC (Allocation Failure)  303545K->187060K(506368K), 0.0205117 secs]
36.087: [GC (Allocation Failure)  303528K->187076K(506368K), 0.0201580 secs]
36.461: [GC (Allocation Failure)  303621K->187604K(506368K), 0.0200021 secs]
36.827: [GC (Allocation Failure)  304246K->187580K(506368K), 0.0215745 secs]
37.163: [GC (Allocation Failure)  304155K->190148K(432640K), 0.0209813 secs]
37.565: [GC (Allocation Failure)  306799K->216821K(506368K), 0.0199986 secs]
37.928: [GC (Allocation Failure)  335465K->240382K(504320K), 0.0201848 secs]
38.257: [GC (Allocation Failure)  358907K->268558K(507392K), 0.0232395 secs]
38.615: [GC (Allocation Failure)  394059K->290591K(505856K), 0.0276446 secs]
38.643: [Full GC (Ergonomics)  290591K->89716K(500224K), 0.0893103 secs]
38.988: [GC (Allocation Failure)  215196K->135349K(507392K), 0.0152077 secs]
39.390: [GC (Allocation Failure)  273039K->159902K(505856K), 0.0210078 secs]
39.763: [GC (Allocation Failure)  297323K->187087K(513024K), 0.0196154 secs]
40.192: [GC (Allocation Failure)  337296K->208095K(512000K), 0.0193732 secs]
40.598: [GC (Allocation Failure)  358266K->235208K(520192K), 0.0205054 secs]
41.050: [GC (Allocation Failure)  398893K->260337K(518656K), 0.0212608 secs]
41.463: [GC (Allocation Failure)  424160K->281346K(526848K), 0.0249491 secs]
41.488: [Full GC (Ergonomics)  281346K->89728K(532992K), 0.0877849 secs]
41.939: [GC (Allocation Failure)  266155K->141506K(531456K), 0.0164075 secs]
42.394: [GC (Allocation Failure)  317680K->163019K(539648K), 0.0208403 secs]
42.863: [GC (Allocation Failure)  351293K->185051K(538112K), 0.0201308 secs]
43.350: [GC (Allocation Failure)  373058K->202476K(546304K), 0.0206195 secs]
43.847: [GC (Allocation Failure)  399259K->219892K(545280K), 0.0211162 secs]
44.329: [GC (Allocation Failure)  416582K->241917K(545792K), 0.0215839 secs]
44.814: [GC (Allocation Failure)  441115K->258821K(545792K), 0.0220818 secs]
45.299: [GC (Allocation Failure)  458356K->279790K(548352K), 0.0218400 secs]
45.802: [GC (Allocation Failure)  483660K->294687K(548864K), 0.0246870 secs]
45.827: [Full GC (Ergonomics)  294687K->89236K(548352K), 0.0914655 secs]
46.308: [GC (Allocation Failure)  293225K->144598K(551424K), 0.0159271 secs]
46.798: [GC (Allocation Failure)  353126K->162534K(550912K), 0.0205722 secs]
47.277: [GC (Allocation Failure)  370943K->183031K(552448K), 0.0204658 secs]
47.735: [GC (Allocation Failure)  395927K->203519K(551936K), 0.0207060 secs]
48.206: [GC (Allocation Failure)  416297K->217864K(556544K), 0.0220400 secs]
48.700: [GC (Allocation Failure)  434219K->242449K(543232K), 0.0211365 secs]
49.164: [GC (Allocation Failure)  458997K->263449K(555520K), 0.0211254 secs]
49.654: [GC (Allocation Failure)  480475K->280866K(555008K), 0.0228159 secs]
50.132: [GC (Allocation Failure)  497912K->305458K(557568K), 0.0232690 secs]
50.155: [Full GC (Ergonomics)  305458K->89255K(564736K), 0.0762038 secs]
50.609: [GC (Allocation Failure)  309365K->138985K(564224K), 0.0168901 secs]
51.099: [GC (Allocation Failure)  359056K->163057K(565248K), 0.0212009 secs]
51.550: [GC (Allocation Failure)  385732K->183554K(565248K), 0.0218266 secs]
52.016: [GC (Allocation Failure)  406049K->205043K(567296K), 0.0234649 secs]
52.470: [GC (Allocation Failure)  430353K->223995K(567296K), 0.0207615 secs]
52.951: [GC (Allocation Failure)  449310K->249636K(567808K), 0.0224853 secs]
53.410: [GC (Allocation Failure)  476609K->269581K(568320K), 0.0217739 secs]
53.836: [GC (Allocation Failure)  496738K->293685K(569344K), 0.0224181 secs]
54.296: [GC (Allocation Failure)  522417K->313158K(569344K), 0.0251983 secs]
54.321: [Full GC (Ergonomics)  313158K->89786K(581120K), 0.0908177 secs]
54.740: [GC (Allocation Failure)  318244K->141531K(579584K), 0.0173928 secs]
55.176: [GC (Allocation Failure)  370873K->163076K(580608K), 0.0206542 secs]
55.595: [GC (Allocation Failure)  392013K->187149K(581632K), 0.0206892 secs]
56.047: [GC (Allocation Failure)  418083K->207637K(582144K), 0.0215577 secs]
56.460: [GC (Allocation Failure)  438568K->231710K(582144K), 0.0221872 secs]
56.875: [GC (Allocation Failure)  464668K->253703K(582656K), 0.0212698 secs]
57.300: [GC (Allocation Failure)  486251K->276240K(583680K), 0.0222321 secs]
57.717: [GC (Allocation Failure)  509905K->297272K(583680K), 0.0208281 secs]
58.132: [GC (Allocation Failure)  530889K->315721K(584192K), 0.0244901 secs]
58.156: [Full GC (Ergonomics)  315721K->89805K(594432K), 0.0874511 secs]
58.571: [GC (Allocation Failure)  324143K->136462K(594432K), 0.0148808 secs]
58.992: [GC (Allocation Failure)  370464K->162071K(593408K), 0.0216533 secs]
59.429: [GC (Allocation Failure)  396093K->183592K(593920K), 0.0211484 secs]
59.841: [GC (Allocation Failure)  417666K->206096K(594944K), 0.0216819 secs]
60.268: [GC (Allocation Failure)  442111K->231233K(594944K), 0.0210854 secs]
60.645: [GC (Allocation Failure)  466895K->254282K(594944K), 0.0216676 secs]
61.047: [GC (Allocation Failure)  490463K->274770K(594944K), 0.0214260 secs]
61.459: [GC (Allocation Failure)  510938K->297819K(594944K), 0.0213661 secs]
61.854: [GC (Allocation Failure)  535193K->322412K(595456K), 0.0227287 secs]
61.877: [Full GC (Ergonomics)  322412K->89821K(606720K), 0.0885931 secs]
62.270: [GC (Allocation Failure)  327069K->139551K(607744K), 0.0164041 secs]
62.678: [GC (Allocation Failure)  378377K->161575K(607744K), 0.0212215 secs]
63.100: [GC (Allocation Failure)  400229K->183088K(607232K), 0.0202370 secs]
63.499: [GC (Allocation Failure)  421703K->210745K(607744K), 0.0209477 secs]
63.879: [GC (Allocation Failure)  449580K->233794K(607232K), 0.0210131 secs]
64.291: [GC (Allocation Failure)  473001K->256338K(607744K), 0.0214373 secs]
64.658: [GC (Allocation Failure)  495709K->278875K(608768K), 0.0221951 secs]
65.047: [GC (Allocation Failure)  519727K->300900K(608768K), 0.0233544 secs]
65.383: [GC (Allocation Failure)  541885K->322932K(608768K), 0.0220248 secs]
65.764: [GC (Allocation Failure)  564176K->346493K(608768K), 0.0289942 secs]
65.794: [Full GC (Ergonomics)  346493K->89327K(619008K), 0.0960010 secs]
66.165: [GC (Allocation Failure)  330873K->138544K(619008K), 0.0157166 secs]
66.552: [GC (Allocation Failure)  379807K->161089K(619520K), 0.0208473 secs]
66.944: [GC (Allocation Failure)  402404K->182098K(619520K), 0.0201367 secs]
67.332: [GC (Allocation Failure)  423958K->207674K(619520K), 0.0202699 secs]
67.729: [GC (Allocation Failure)  449559K->230243K(619520K), 0.0208170 secs]
68.084: [GC (Allocation Failure)  472717K->255340K(619520K), 0.0224688 secs]
68.459: [GC (Allocation Failure)  497640K->280917K(619520K), 0.0221666 secs]
68.820: [GC (Allocation Failure)  524364K->302981K(620032K), 0.0213661 secs]
69.187: [GC (Allocation Failure)  546443K->329614K(620544K), 0.0224447 secs]
69.559: [GC (Allocation Failure)  573619K->351135K(620544K), 0.0250159 secs]
69.584: [Full GC (Ergonomics)  351135K->89856K(633856K), 0.0961477 secs]
69.916: [GC (Allocation Failure)  333903K->132417K(633856K), 0.0146126 secs]
70.287: [GC (Allocation Failure)  376437K->157514K(633856K), 0.0198177 secs]
70.670: [GC (Allocation Failure)  401448K->181586K(633856K), 0.0206056 secs]
71.031: [GC (Allocation Failure)  426076K->207195K(633856K), 0.0214012 secs]
71.381: [GC (Allocation Failure)  451597K->235884K(633856K), 0.0197780 secs]
71.732: [GC (Allocation Failure)  480316K->255349K(619520K), 0.0211398 secs]
72.113: [GC (Allocation Failure)  499739K->284030K(634368K), 0.0219737 secs]
72.469: [GC (Allocation Failure)  528075K->311686K(626688K), 0.0218359 secs]
72.813: [GC (Allocation Failure)  555585K->336279K(632320K), 0.0227298 secs]
73.156: [GC (Allocation Failure)  579153K->358824K(633344K), 0.0261272 secs]
73.182: [Full GC (Ergonomics)  358824K->89621K(647680K), 0.0905083 secs]
73.535: [GC (Allocation Failure)  332762K->128598K(648192K), 0.0133792 secs]
73.888: [GC (Allocation Failure)  371925K->156735K(648192K), 0.0200936 secs]
74.223: [GC (Allocation Failure)  400123K->176240K(646144K), 0.0195502 secs]
74.547: [GC (Allocation Failure)  417427K->204920K(647168K), 0.0193247 secs]
74.895: [GC (Allocation Failure)  446158K->226441K(646656K), 0.0191497 secs]
75.211: [GC (Allocation Failure)  468229K->255130K(647168K), 0.0206927 secs]
75.554: [GC (Allocation Failure)  497031K->276611K(645632K), 0.0205839 secs]
75.881: [GC (Allocation Failure)  519542K->299147K(646656K), 0.0203769 secs]
76.196: [GC (Allocation Failure)  542025K->322196K(649216K), 0.0212793 secs]
76.522: [GC (Allocation Failure)  568791K->344733K(649216K), 0.0207568 secs]
76.851: [GC (Allocation Failure)  591243K->373454K(649216K), 0.0258251 secs]
76.877: [Full GC (Ergonomics)  373454K->88613K(657920K), 0.0885937 secs]
77.207: [GC (Allocation Failure)  335017K->131687K(658432K), 0.0158263 secs]
77.556: [GC (Allocation Failure)  378142K->152695K(657408K), 0.0193917 secs]
77.880: [GC (Allocation Failure)  399738K->174176K(657920K), 0.0200455 secs]
78.205: [GC (Allocation Failure)  421327K->198289K(657920K), 0.0183436 secs]
78.542: [GC (Allocation Failure)  446521K->221849K(658432K), 0.0201882 secs]
78.873: [GC (Allocation Failure)  470067K->245410K(659968K), 0.0197297 secs]
79.226: [GC (Allocation Failure)  495116K->272043K(650240K), 0.0206610 secs]
79.543: [GC (Allocation Failure)  521792K->295604K(659456K), 0.0209315 secs]
79.878: [GC (Allocation Failure)  545655K->315076K(658944K), 0.0199632 secs]
80.191: [GC (Allocation Failure)  565216K->338133K(660480K), 0.0196269 secs]
80.526: [GC (Allocation Failure)  590386K->362214K(660480K), 0.0203698 secs]
80.867: [GC (Allocation Failure)  614626K->380150K(661504K), 0.0242751 secs]
80.891: [Full GC (Ergonomics)  380150K->82487K(665600K), 0.0912609 secs]
81.205: [GC (Allocation Failure)  336366K->117368K(665600K), 0.0134129 secs]
81.534: [GC (Allocation Failure)  371299K->139393K(664576K), 0.0170352 secs]
81.874: [GC (Allocation Failure)  394055K->156297K(665600K), 0.0164385 secs]
82.206: [GC (Allocation Failure)  411136K->178330K(666624K), 0.0181316 secs]
82.537: [GC (Allocation Failure)  435136K->197291K(667136K), 0.0185194 secs]
82.863: [GC (Allocation Failure)  453877K->212667K(667648K), 0.0181759 secs]
83.210: [GC (Allocation Failure)  470676K->234692K(668160K), 0.0177903 secs]
83.526: [GC (Allocation Failure)  492709K->257740K(667136K), 0.0186396 secs]
83.847: [GC (Allocation Failure)  515948K->273629K(667648K), 0.0180257 secs]
84.203: [GC (Allocation Failure)  532102K->292589K(667648K), 0.0169163 secs]
84.519: [GC (Allocation Failure)  550478K->312062K(668160K), 0.0174634 secs]
84.861: [GC (Allocation Failure)  570069K->324358K(667648K), 0.0163341 secs]
85.177: [GC (Allocation Failure)  582369K->342799K(668160K), 0.0170031 secs]
85.523: [GC (Allocation Failure)  600722K->361720K(668160K), 0.0195035 secs]
85.847: [GC (Allocation Failure)  619422K->377128K(668160K), 0.0177336 secs]
85.865: [Full GC (Ergonomics)  377128K->65101K(663040K), 0.0860302 secs]
86.174: [GC (Allocation Failure)  323002K->92302K(662016K), 0.0103632 secs]
86.492: [GC (Allocation Failure)  350191K->105622K(662528K), 0.0142859 secs]
86.824: [GC (Allocation Failure)  363516K->119966K(663552K), 0.0132626 secs]
87.161: [GC (Allocation Failure)  378757K->134823K(644096K), 0.0135128 secs]
87.485: [GC (Allocation Failure)  393815K->144527K(663040K), 0.0126787 secs]
87.829: [GC (Allocation Failure)  403453K->156856K(663040K), 0.0128576 secs]
88.156: [GC (Allocation Failure)  415682K->171200K(660992K), 0.0133069 secs]
88.478: [GC (Allocation Failure)  431158K->177872K(662528K), 0.0127859 secs]
88.806: [GC (Allocation Failure)  437542K->191161K(665088K), 0.0115207 secs]
89.119: [GC (Allocation Failure)  452767K->201961K(640512K), 0.0124984 secs]
89.471: [GC (Allocation Failure)  463585K->210641K(663040K), 0.0116051 secs]
89.802: [GC (Allocation Failure)  471719K->221442K(663552K), 0.0116402 secs]
90.121: [GC (Allocation Failure)  482455K->229650K(665088K), 0.0172345 secs]
90.448: [GC (Allocation Failure)  493809K->238882K(665088K), 0.0115751 secs]
90.792: [GC (Allocation Failure)  502659K->242986K(666112K), 0.0104868 secs]
91.144: [GC (Allocation Failure)  508916K->251698K(666112K), 0.0106885 secs]
91.487: [GC (Allocation Failure)  517519K->259355K(667136K), 0.0105542 secs]
91.811: [GC (Allocation Failure)  527275K->267587K(667136K), 0.0098935 secs]
92.157: [GC (Allocation Failure)  535773K->273235K(667648K), 0.0106906 secs]
92.479: [GC (Allocation Failure)  543817K->277851K(668160K), 0.0103274 secs]
92.850: [GC (Allocation Failure)  548345K->281443K(669696K), 0.0094074 secs]
93.192: [GC (Allocation Failure)  555157K->288116K(670208K), 0.0094966 secs]
93.531: [GC (Allocation Failure)  561606K->290172K(671232K), 0.0097972 secs]
93.886: [GC (Allocation Failure)  565943K->293220K(671232K), 0.0086999 secs]
94.220: [GC (Allocation Failure)  568958K->296852K(671232K), 0.0082194 secs]
94.586: [GC (Allocation Failure)  574797K->298404K(671744K), 0.0088258 secs]
94.931: [GC (Allocation Failure)  576289K->301492K(672256K), 0.0079909 secs]
95.272: [GC (Allocation Failure)  582298K->303044K(673280K), 0.0075462 secs]
95.649: [GC (Allocation Failure)  583632K->304076K(673280K), 0.0074097 secs]
96.016: [GC (Allocation Failure)  588224K->306652K(674816K), 0.0083962 secs]
96.381: [GC (Allocation Failure)  590397K->307180K(674816K), 0.0079557 secs]
96.750: [GC (Allocation Failure)  594924K->307708K(676352K), 0.0070782 secs]
97.114: [GC (Allocation Failure)  595279K->309260K(676864K), 0.0089494 secs]
97.482: [GC (Allocation Failure)  600711K->309748K(678400K), 0.0067806 secs]
97.861: [GC (Allocation Failure)  601115K->309788K(678912K), 0.0067489 secs]
98.239: [GC (Allocation Failure)  605287K->311300K(680448K), 0.0067162 secs]
98.617: [GC (Allocation Failure)  607229K->311844K(680960K), 0.0065677 secs]
98.987: [GC (Allocation Failure)  611540K->311332K(682496K), 0.0069065 secs]
99.349: [GC (Allocation Failure)  611317K->311332K(681984K), 0.0066537 secs]
99.706: [GC (Allocation Failure)  615320K->310820K(684032K), 0.0064733 secs]
100.105: [GC (Allocation Failure)  614672K->310308K(686080K), 0.0063025 secs]
100.484: [GC (Allocation Failure)  619329K->310308K(687616K), 0.0065825 secs]
100.889: [GC (Allocation Failure)  619543K->310308K(687104K), 0.0064161 secs]
101.256: [GC (Allocation Failure)  622463K->310308K(688640K), 0.0063378 secs]
101.664: [GC (Allocation Failure)  622580K->310308K(690176K), 0.0067549 secs]
102.075: [GC (Allocation Failure)  626707K->310308K(691200K), 0.0063498 secs]
102.443: [GC (Allocation Failure)  626516K->310308K(691200K), 0.0065439 secs]
102.862: [GC (Allocation Failure)  629363K->310308K(692224K), 0.0064946 secs]
103.263: [GC (Allocation Failure)  629700K->310308K(692736K), 0.0064858 secs]
103.680: [GC (Allocation Failure)  632951K->310276K(694272K), 0.0075252 secs]
104.082: [GC (Allocation Failure)  633220K->310316K(694272K), 0.0066461 secs]
104.479: [GC (Allocation Failure)  636459K->310324K(695808K), 0.0061777 secs]
104.928: [GC (Allocation Failure)  636063K->310332K(696832K), 0.0065761 secs]
105.339: [GC (Allocation Failure)  639292K->310308K(697856K), 0.0064987 secs]
105.765: [GC (Allocation Failure)  639056K->310348K(697856K), 0.0068384 secs]
106.196: [GC (Allocation Failure)  641175K->310324K(698880K), 0.0072829 secs]
106.619: [GC (Allocation Failure)  641446K->310364K(698880K), 0.0064861 secs]
107.044: [GC (Allocation Failure)  643318K->310372K(699904K), 0.0063794 secs]
107.469: [GC (Allocation Failure)  643616K->310380K(699904K), 0.0082191 secs]
107.907: [GC (Allocation Failure)  645702K->310388K(700928K), 0.0062818 secs]
108.314: [GC (Allocation Failure)  645688K->310396K(701952K), 0.0062238 secs]
108.728: [GC (Allocation Failure)  647694K->310404K(702464K), 0.0068287 secs]
109.177: [GC (Allocation Failure)  647491K->310380K(701952K), 0.0099080 secs]
109.606: [GC (Allocation Failure)  648311K->310420K(702464K), 0.0063570 secs]
110.045: [GC (Allocation Failure)  648501K->310428K(702976K), 0.0064333 secs]
110.472: [GC (Allocation Failure)  650016K->310436K(703488K), 0.0062246 secs]
110.910: [GC (Allocation Failure)  650368K->310444K(703488K), 0.0067663 secs]
111.339: [GC (Allocation Failure)  651028K->310420K(704000K), 0.0067413 secs]
111.781: [GC (Allocation Failure)  650974K->310460K(704000K), 0.0078762 secs]
112.223: [GC (Allocation Failure)  652061K->310468K(704512K), 0.0062611 secs]
112.663: [GC (Allocation Failure)  652124K->310476K(705536K), 0.0065374 secs]
113.113: [GC (Allocation Failure)  653147K->310484K(703488K), 0.0063432 secs]
113.537: [GC (Allocation Failure)  653058K->310972K(705024K), 0.0066650 secs]
113.984: [GC (Allocation Failure)  653518K->310468K(705024K), 0.0071322 secs]
114.421: [GC (Allocation Failure)  653442K->310508K(706048K), 0.0064064 secs]
114.873: [GC (Allocation Failure)  654235K->310516K(704512K), 0.0060535 secs]
115.313: [GC (Allocation Failure)  654225K->310492K(705536K), 0.0062909 secs]
115.773: [GC (Allocation Failure)  654546K->310500K(705536K), 0.0064735 secs]
116.200: [GC (Allocation Failure)  654114K->310540K(706560K), 0.0067095 secs]
116.648: [GC (Allocation Failure)  655541K->310548K(706560K), 0.0061455 secs]
117.078: [GC (Allocation Failure)  655169K->310556K(705536K), 0.0067490 secs]
117.524: [GC (Allocation Failure)  655557K->310532K(706048K), 0.0065263 secs]
117.962: [GC (Allocation Failure)  655384K->310572K(707072K), 0.0063614 secs]
118.376: [GC (Allocation Failure)  656564K->310580K(707072K), 0.0063556 secs]
118.821: [GC (Allocation Failure)  656195K->310588K(707072K), 0.0062229 secs]
119.262: [GC (Allocation Failure)  656601K->310596K(707072K), 0.0073425 secs]
119.704: [GC (Allocation Failure)  656226K->310604K(707072K), 0.0062192 secs]
120.151: [GC (Allocation Failure)  656585K->310612K(707072K), 0.0065184 secs]
120.580: [GC (Allocation Failure)  656511K->310620K(707072K), 0.0065499 secs]
121.035: [GC (Allocation Failure)  656618K->310628K(706560K), 0.0065797 secs]
121.458: [GC (Allocation Failure)  656603K->310604K(706560K), 0.0073327 secs]
121.898: [GC (Allocation Failure)  656614K->310644K(706560K), 0.0063494 secs]
122.328: [GC (Allocation Failure)  656632K->310652K(707584K), 0.0069028 secs]
122.786: [GC (Allocation Failure)  657672K->310660K(707584K), 0.0064398 secs]
123.216: [GC (Allocation Failure)  657710K->310668K(707584K), 0.0063070 secs]
123.681: [GC (Allocation Failure)  657664K->310676K(707584K), 0.0082490 secs]
124.104: [GC (Allocation Failure)  657642K->310652K(707584K), 0.0071431 secs]
124.580: [GC (Allocation Failure)  657684K->310692K(707584K), 0.0065019 secs]
125.007: [GC (Allocation Failure)  657488K->310700K(707584K), 0.0077638 secs]
125.432: [GC (Allocation Failure)  657652K->310708K(707584K), 0.0074589 secs]
125.878: [GC (Allocation Failure)  657541K->310716K(707584K), 0.0065753 secs]
126.306: [GC (Allocation Failure)  657601K->310724K(707584K), 0.0063840 secs]
126.748: [GC (Allocation Failure)  657619K->310732K(707584K), 0.0066356 secs]
127.204: [GC (Allocation Failure)  657663K->310708K(707584K), 0.0061562 secs]
127.632: [GC (Allocation Failure)  657453K->310716K(707584K), 0.0062691 secs]
128.050: [GC (Allocation Failure)  657397K->310756K(707584K), 0.0064266 secs]
128.502: [GC (Allocation Failure)  657588K->310764K(707584K), 0.0086647 secs]
128.960: [GC (Allocation Failure)  657460K->310228K(707584K), 0.0072684 secs]
129.388: [GC (Allocation Failure)  656900K->310236K(707584K), 0.0064474 secs]
129.810: [GC (Allocation Failure)  657322K->310244K(707584K), 0.0063375 secs]
130.268: [GC (Allocation Failure)  657064K->310284K(707584K), 0.0061593 secs]
130.693: [GC (Allocation Failure)  657090K->310292K(707584K), 0.0062536 secs]
131.138: [GC (Allocation Failure)  657383K->310300K(707584K), 0.0061969 secs]
131.591: [GC (Allocation Failure)  657032K->310308K(707584K), 0.0062258 secs]
132.046: [GC (Allocation Failure)  657058K->310284K(707584K), 0.0065382 secs]
132.490: [GC (Allocation Failure)  657047K->310292K(707584K), 0.0074194 secs]
132.946: [GC (Allocation Failure)  657008K->310332K(707584K), 0.0070826 secs]
133.372: [GC (Allocation Failure)  657427K->310308K(707584K), 0.0061853 secs]
133.832: [GC (Allocation Failure)  656945K->310348K(707584K), 0.0061090 secs]
134.269: [GC (Allocation Failure)  657125K->310356K(707584K), 0.0060841 secs]
134.692: [GC (Allocation Failure)  657070K->310332K(707584K), 0.0047387 secs]
135.134: [GC (Allocation Failure)  657321K->310372K(707584K), 0.0063410 secs]
135.568: [GC (Allocation Failure)  657133K->310380K(707584K), 0.0061539 secs]
136.027: [GC (Allocation Failure)  657111K->310388K(707584K), 0.0062015 secs]
136.462: [GC (Allocation Failure)  657426K->310364K(707584K), 0.0062814 secs]
136.911: [GC (Allocation Failure)  657395K->310404K(707584K), 0.0061315 secs]
137.345: [GC (Allocation Failure)  657476K->310412K(707072K), 0.0062900 secs]
137.798: [GC (Allocation Failure)  657041K->310388K(707584K), 0.0066808 secs]
138.242: [GC (Allocation Failure)  657827K->310428K(708096K), 0.0070985 secs]
138.694: [GC (Allocation Failure)  658425K->310404K(708096K), 0.0067350 secs]
139.129: [GC (Allocation Failure)  658147K->310444K(708096K), 0.0061680 secs]
139.598: [GC (Allocation Failure)  658437K->310452K(708096K), 0.0060113 secs]
140.054: [GC (Allocation Failure)  658526K->310460K(708096K), 0.0063527 secs]
140.484: [GC (Allocation Failure)  658422K->310436K(708096K), 0.0062728 secs]
140.933: [GC (Allocation Failure)  658448K->310476K(708096K), 0.0062054 secs]
141.417: [GC (Allocation Failure)  658554K->310484K(708096K), 0.0060166 secs]
141.865: [GC (Allocation Failure)  658386K->310492K(708096K), 0.0061698 secs]
142.285: [GC (Allocation Failure)  658313K->310500K(708096K), 0.0074662 secs]
142.743: [GC (Allocation Failure)  658246K->310508K(708096K), 0.0066173 secs]
143.201: [GC (Allocation Failure)  658191K->310516K(708096K), 0.0061797 secs]
143.669: [GC (Allocation Failure)  658409K->310524K(708096K), 0.0062866 secs]
144.106: [GC (Allocation Failure)  658465K->310532K(708096K), 0.0062821 secs]
144.561: [GC (Allocation Failure)  658344K->310540K(708096K), 0.0063360 secs]
144.993: [GC (Allocation Failure)  658482K->310548K(708096K), 0.0062449 secs]
145.470: [GC (Allocation Failure)  658442K->310524K(708096K), 0.0065841 secs]
145.907: [GC (Allocation Failure)  658174K->310564K(708096K), 0.0063054 secs]
146.364: [GC (Allocation Failure)  658522K->310572K(708096K), 0.0062037 secs]
146.823: [GC (Allocation Failure)  658731K->312116K(708096K), 0.0070289 secs]
147.238: [GC (Allocation Failure)  659866K->314684K(708096K), 0.0076629 secs]
147.702: [GC (Allocation Failure)  662352K->319300K(708096K), 0.0077357 secs]
148.143: [GC (Allocation Failure)  667199K->325933K(708096K), 0.0081763 secs]
148.612: [GC (Allocation Failure)  673758K->333661K(708096K), 0.0083908 secs]
149.041: [GC (Allocation Failure)  681471K->344429K(708096K), 0.0091866 secs]
149.515: [GC (Allocation Failure)  692275K->356726K(708096K), 0.0109520 secs]
149.526: [Full GC (Ergonomics)  356726K->31571K(688128K), 0.0830937 secs]
149.966: [GC (Allocation Failure)  379328K->43411K(688128K), 0.0072964 secs]
150.433: [GC (Allocation Failure)  391147K->59796K(688128K), 0.0095118 secs]
150.868: [GC (Allocation Failure)  407468K->74100K(688128K), 0.0092931 secs]
151.318: [GC (Allocation Failure)  421906K->92565K(688128K), 0.0091670 secs]
151.772: [GC (Allocation Failure)  440492K->110997K(688128K), 0.0089187 secs]
152.217: [GC (Allocation Failure)  459045K->131990K(688128K), 0.0093566 secs]
152.676: [GC (Allocation Failure)  480150K->154519K(688128K), 0.0108783 secs]
153.120: [GC (Allocation Failure)  502618K->179095K(688128K), 0.0103075 secs]
153.575: [GC (Allocation Failure)  526789K->203176K(688128K), 0.0110105 secs]
154.021: [GC (Allocation Failure)  551284K->226745K(688128K), 0.0098236 secs]
154.482: [GC (Allocation Failure)  574900K->247753K(688128K), 0.0101369 secs]
154.911: [GC (Allocation Failure)  595464K->272314K(688128K), 0.0103787 secs]
155.347: [GC (Allocation Failure)  620274K->294891K(688128K), 0.0114248 secs]
155.795: [GC (Allocation Failure)  642694K->318452K(688128K), 0.0115760 secs]
155.807: [Full GC (Ergonomics)  318452K->49727K(757248K), 0.0844299 secs]
156.264: [GC (Allocation Failure)  397630K->73856K(757248K), 0.0095503 secs]
156.725: [GC (Allocation Failure)  421535K->95369K(757248K), 0.0092226 secs]
157.172: [GC (Allocation Failure)  443113K->119961K(757248K), 0.0108285 secs]
157.623: [GC (Allocation Failure)  467788K->143018K(757248K), 0.0115414 secs]
158.081: [GC (Allocation Failure)  491126K->168635K(757248K), 0.0107491 secs]
158.531: [GC (Allocation Failure)  516657K->191179K(757248K), 0.0103503 secs]
158.997: [GC (Allocation Failure)  538912K->214748K(757248K), 0.0108687 secs]
159.442: [GC (Allocation Failure)  562541K->239853K(757248K), 0.0122899 secs]
159.876: [GC (Allocation Failure)  587594K->263894K(757248K), 0.0119110 secs]
160.345: [GC (Allocation Failure)  611726K->285950K(757248K), 0.0112907 secs]
160.778: [GC (Allocation Failure)  633808K->305895K(757248K), 0.0112800 secs]
161.249: [GC (Allocation Failure)  653932K->330480K(757248K), 0.0121224 secs]
161.683: [GC (Allocation Failure)  678364K->353016K(757248K), 0.0178310 secs]
162.120: [GC (Allocation Failure)  700821K->375041K(757248K), 0.0187706 secs]
162.570: [GC (Allocation Failure)  723064K->399666K(757248K), 0.0198587 secs]
162.590: [Full GC (Ergonomics)  399666K->48733K(768512K), 0.0829055 secs]
163.034: [GC (Allocation Failure)  396738K->71838K(768512K), 0.0095808 secs]
163.482: [GC (Allocation Failure)  419849K->96942K(768512K), 0.0099884 secs]
163.920: [GC (Allocation Failure)  444825K->116927K(768512K), 0.0092567 secs]
164.361: [GC (Allocation Failure)  464609K->139976K(768512K), 0.0102687 secs]
164.827: [GC (Allocation Failure)  487681K->162000K(768512K), 0.0100257 secs]
165.258: [GC (Allocation Failure)  509848K->186585K(768512K), 0.0115920 secs]
165.702: [GC (Allocation Failure)  534442K->208618K(768512K), 0.0103694 secs]
166.155: [GC (Allocation Failure)  556592K->231163K(768512K), 0.0108489 secs]
166.610: [GC (Allocation Failure)  578875K->255747K(768512K), 0.0111116 secs]
167.059: [GC (Allocation Failure)  603767K->277268K(768512K), 0.0111077 secs]
167.499: [GC (Allocation Failure)  625330K->300325K(768512K), 0.0117157 secs]
167.948: [GC (Allocation Failure)  648432K->321837K(768512K), 0.0115053 secs]
168.401: [GC (Allocation Failure)  669566K->344382K(768512K), 0.0122044 secs]
168.867: [GC (Allocation Failure)  692527K->366927K(768512K), 0.0117564 secs]
